Copyright 1986-2022 Xilinx, Inc. All Rights Reserved. Copyright 2022-2024 Advanced Micro Devices, Inc. All Rights Reserved.
------------------------------------------------------------------------------------------------------------------------------------------------------------------------------------------------------------------------------------------------
| Tool Version : Vivado v.2024.2 (win64) Build 5239630 Fri Nov 08 22:35:27 MST 2024
| Date         : Fri Jun 13 13:14:31 2025
| Host         : LAPTOP-SRINJAY running 64-bit major release  (build 9200)
| Command      : report_timing_summary -max_paths 10 -report_unconstrained -file Mod8RippleCounter_timing_summary_routed.rpt -pb Mod8RippleCounter_timing_summary_routed.pb -rpx Mod8RippleCounter_timing_summary_routed.rpx -warn_on_violation
| Design       : Mod8RippleCounter
| Device       : 7a35t-cpg236
| Speed File   : -1  PRODUCTION 1.23 2018-06-13
| Design State : Routed
------------------------------------------------------------------------------------------------------------------------------------------------------------------------------------------------------------------------------------------------

Timing Summary Report

------------------------------------------------------------------------------------------------
| Timer Settings
| --------------
------------------------------------------------------------------------------------------------

  Enable Multi Corner Analysis               :  Yes
  Enable Pessimism Removal                   :  Yes
  Pessimism Removal Resolution               :  Nearest Common Node
  Enable Input Delay Default Clock           :  No
  Enable Preset / Clear Arcs                 :  No
  Disable Flight Delays                      :  No
  Ignore I/O Paths                           :  No
  Timing Early Launch at Borrowing Latches   :  No
  Borrow Time for Max Delay Exceptions       :  Yes
  Merge Timing Exceptions                    :  Yes
  Inter-SLR Compensation                     :  Conservative

  Corner  Analyze    Analyze    
  Name    Max Paths  Min Paths  
  ------  ---------  ---------  
  Slow    Yes        Yes        
  Fast    Yes        Yes        


------------------------------------------------------------------------------------------------
| Report Methodology
| ------------------
------------------------------------------------------------------------------------------------

Rule       Severity          Description                  Violations  
---------  ----------------  ---------------------------  ----------  
TIMING-17  Critical Warning  Non-clocked sequential cell  3           

Note: This report is based on the most recent report_methodology run and may not be up-to-date. Run report_methodology on the current design for the latest report.



check_timing report

Table of Contents
-----------------
1. checking no_clock (3)
2. checking constant_clock (0)
3. checking pulse_width_clock (0)
4. checking unconstrained_internal_endpoints (6)
5. checking no_input_delay (1)
6. checking no_output_delay (3)
7. checking multiple_clock (0)
8. checking generated_clocks (0)
9. checking loops (0)
10. checking partial_input_delay (0)
11. checking partial_output_delay (0)
12. checking latch_loops (0)

1. checking no_clock (3)
------------------------
 There is 1 register/latch pin with no clock driven by root clock pin: clk (HIGH)

 There is 1 register/latch pin with no clock driven by root clock pin: ff0/q_reg/Q (HIGH)

 There is 1 register/latch pin with no clock driven by root clock pin: ff1/q_reg/Q (HIGH)


2. checking constant_clock (0)
------------------------------
 There are 0 register/latch pins with constant_clock.


3. checking pulse_width_clock (0)
---------------------------------
 There are 0 register/latch pins which need pulse_width check


4. checking unconstrained_internal_endpoints (6)
------------------------------------------------
 There are 6 pins that are not constrained for maximum delay. (HIGH)

 There are 0 pins that are not constrained for maximum delay due to constant clock.


5. checking no_input_delay (1)
------------------------------
 There is 1 input port with no input delay specified. (HIGH)

 There are 0 input ports with no input delay but user has a false path constraint.


6. checking no_output_delay (3)
-------------------------------
 There are 3 ports with no output delay specified. (HIGH)

 There are 0 ports with no output delay but user has a false path constraint

 There are 0 ports with no output delay but with a timing clock defined on it or propagating through it


7. checking multiple_clock (0)
------------------------------
 There are 0 register/latch pins with multiple clocks.


8. checking generated_clocks (0)
--------------------------------
 There are 0 generated clocks that are not connected to a clock source.


9. checking loops (0)
---------------------
 There are 0 combinational loops in the design.


10. checking partial_input_delay (0)
------------------------------------
 There are 0 input ports with partial input delay specified.


11. checking partial_output_delay (0)
-------------------------------------
 There are 0 ports with partial output delay specified.


12. checking latch_loops (0)
----------------------------
 There are 0 combinational latch loops in the design through latch input



------------------------------------------------------------------------------------------------
| Design Timing Summary
| ---------------------
------------------------------------------------------------------------------------------------

    WNS(ns)      TNS(ns)  TNS Failing Endpoints  TNS Total Endpoints      WHS(ns)      THS(ns)  THS Failing Endpoints  THS Total Endpoints     WPWS(ns)     TPWS(ns)  TPWS Failing Endpoints  TPWS Total Endpoints  
    -------      -------  ---------------------  -------------------      -------      -------  ---------------------  -------------------     --------     --------  ----------------------  --------------------  
        inf        0.000                      0                    9          inf        0.000                      0                    9           NA           NA                      NA                    NA  


There are no user specified timing constraints.


------------------------------------------------------------------------------------------------
| Clock Summary
| -------------
------------------------------------------------------------------------------------------------


------------------------------------------------------------------------------------------------
| Intra Clock Table
| -----------------
------------------------------------------------------------------------------------------------

Clock             WNS(ns)      TNS(ns)  TNS Failing Endpoints  TNS Total Endpoints      WHS(ns)      THS(ns)  THS Failing Endpoints  THS Total Endpoints     WPWS(ns)     TPWS(ns)  TPWS Failing Endpoints  TPWS Total Endpoints  
-----             -------      -------  ---------------------  -------------------      -------      -------  ---------------------  -------------------     --------     --------  ----------------------  --------------------  


------------------------------------------------------------------------------------------------
| Inter Clock Table
| -----------------
------------------------------------------------------------------------------------------------

From Clock    To Clock          WNS(ns)      TNS(ns)  TNS Failing Endpoints  TNS Total Endpoints      WHS(ns)      THS(ns)  THS Failing Endpoints  THS Total Endpoints  
----------    --------          -------      -------  ---------------------  -------------------      -------      -------  ---------------------  -------------------  


------------------------------------------------------------------------------------------------
| Other Path Groups Table
| -----------------------
------------------------------------------------------------------------------------------------

Path Group    From Clock    To Clock          WNS(ns)      TNS(ns)  TNS Failing Endpoints  TNS Total Endpoints      WHS(ns)      THS(ns)  THS Failing Endpoints  THS Total Endpoints  
----------    ----------    --------          -------      -------  ---------------------  -------------------      -------      -------  ---------------------  -------------------  


------------------------------------------------------------------------------------------------
| User Ignored Path Table
| -----------------------
------------------------------------------------------------------------------------------------

Path Group    From Clock    To Clock    
----------    ----------    --------    


------------------------------------------------------------------------------------------------
| Unconstrained Path Table
| ------------------------
------------------------------------------------------------------------------------------------

Path Group    From Clock    To Clock    
----------    ----------    --------    
(none)                                    


------------------------------------------------------------------------------------------------
| Timing Details
| --------------
------------------------------------------------------------------------------------------------


--------------------------------------------------------------------------------------
Path Group:  (none)
From Clock:  
  To Clock:  

Max Delay             9 Endpoints
Min Delay             9 Endpoints
--------------------------------------------------------------------------------------


Max Delay Paths
--------------------------------------------------------------------------------------
Slack:                    inf
  Source:                 ff0/q_reg/C
                            (rising edge-triggered cell FDCE)
  Destination:            q0
                            (output port)
  Path Group:             (none)
  Path Type:              Max at Slow Process Corner
  Data Path Delay:        4.918ns  (logic 3.055ns (62.126%)  route 1.863ns (37.874%))
  Logic Levels:           2  (FDCE=1 OBUF=1)

    Location             Delay type                Incr(ns)  Path(ns)    Netlist Resource(s)
  -------------------------------------------------------------------    -------------------
    SLICE_X0Y2           FDCE                         0.000     0.000 r  ff0/q_reg/C
    SLICE_X0Y2           FDCE (Prop_fdce_C_Q)         0.456     0.456 r  ff0/q_reg/Q
                         net (fo=3, routed)           1.863     2.319    q0_OBUF
    U14                  OBUF (Prop_obuf_I_O)         2.599     4.918 r  q0_OBUF_inst/O
                         net (fo=0)                   0.000     4.918    q0
    U14                                                               r  q0 (OUT)
  -------------------------------------------------------------------    -------------------

Slack:                    inf
  Source:                 ff2/q_reg/C
                            (rising edge-triggered cell FDCE)
  Destination:            q2
                            (output port)
  Path Group:             (none)
  Path Type:              Max at Slow Process Corner
  Data Path Delay:        4.733ns  (logic 3.053ns (64.512%)  route 1.680ns (35.488%))
  Logic Levels:           2  (FDCE=1 OBUF=1)

    Location             Delay type                Incr(ns)  Path(ns)    Netlist Resource(s)
  -------------------------------------------------------------------    -------------------
    SLICE_X1Y1           FDCE                         0.000     0.000 r  ff2/q_reg/C
    SLICE_X1Y1           FDCE (Prop_fdce_C_Q)         0.456     0.456 r  ff2/q_reg/Q
                         net (fo=2, routed)           1.680     2.136    q2_OBUF
    V13                  OBUF (Prop_obuf_I_O)         2.597     4.733 r  q2_OBUF_inst/O
                         net (fo=0)                   0.000     4.733    q2
    V13                                                               r  q2 (OUT)
  -------------------------------------------------------------------    -------------------

Slack:                    inf
  Source:                 ff1/q_reg/C
                            (rising edge-triggered cell FDCE)
  Destination:            q1
                            (output port)
  Path Group:             (none)
  Path Type:              Max at Slow Process Corner
  Data Path Delay:        4.608ns  (logic 3.050ns (66.185%)  route 1.558ns (33.815%))
  Logic Levels:           2  (FDCE=1 OBUF=1)

    Location             Delay type                Incr(ns)  Path(ns)    Netlist Resource(s)
  -------------------------------------------------------------------    -------------------
    SLICE_X0Y1           FDCE                         0.000     0.000 r  ff1/q_reg/C
    SLICE_X0Y1           FDCE (Prop_fdce_C_Q)         0.456     0.456 r  ff1/q_reg/Q
                         net (fo=3, routed)           1.558     2.014    q1_OBUF
    V14                  OBUF (Prop_obuf_I_O)         2.594     4.608 r  q1_OBUF_inst/O
                         net (fo=0)                   0.000     4.608    q1
    V14                                                               r  q1 (OUT)
  -------------------------------------------------------------------    -------------------

Slack:                    inf
  Source:                 rst
                            (input port)
  Destination:            ff1/q_reg/CLR
  Path Group:             (none)
  Path Type:              Max at Slow Process Corner
  Data Path Delay:        2.137ns  (logic 0.935ns (43.746%)  route 1.202ns (56.254%))
  Logic Levels:           1  (IBUF=1)

    Location             Delay type                Incr(ns)  Path(ns)    Netlist Resource(s)
  -------------------------------------------------------------------    -------------------
    U16                                               0.000     0.000 f  rst (IN)
                         net (fo=0)                   0.000     0.000    rst
    U16                  IBUF (Prop_ibuf_I_O)         0.935     0.935 f  rst_IBUF_inst/O
                         net (fo=3, routed)           1.202     2.137    ff1/rst_IBUF
    SLICE_X0Y1           FDCE                                         f  ff1/q_reg/CLR
  -------------------------------------------------------------------    -------------------

Slack:                    inf
  Source:                 rst
                            (input port)
  Destination:            ff2/q_reg/CLR
  Path Group:             (none)
  Path Type:              Max at Slow Process Corner
  Data Path Delay:        2.133ns  (logic 0.935ns (43.836%)  route 1.198ns (56.164%))
  Logic Levels:           1  (IBUF=1)

    Location             Delay type                Incr(ns)  Path(ns)    Netlist Resource(s)
  -------------------------------------------------------------------    -------------------
    U16                                               0.000     0.000 f  rst (IN)
                         net (fo=0)                   0.000     0.000    rst
    U16                  IBUF (Prop_ibuf_I_O)         0.935     0.935 f  rst_IBUF_inst/O
                         net (fo=3, routed)           1.198     2.133    ff2/rst_IBUF
    SLICE_X1Y1           FDCE                                         f  ff2/q_reg/CLR
  -------------------------------------------------------------------    -------------------

Slack:                    inf
  Source:                 rst
                            (input port)
  Destination:            ff0/q_reg/CLR
  Path Group:             (none)
  Path Type:              Max at Slow Process Corner
  Data Path Delay:        1.986ns  (logic 0.935ns (47.083%)  route 1.051ns (52.917%))
  Logic Levels:           1  (IBUF=1)

    Location             Delay type                Incr(ns)  Path(ns)    Netlist Resource(s)
  -------------------------------------------------------------------    -------------------
    U16                                               0.000     0.000 f  rst (IN)
                         net (fo=0)                   0.000     0.000    rst
    U16                  IBUF (Prop_ibuf_I_O)         0.935     0.935 f  rst_IBUF_inst/O
                         net (fo=3, routed)           1.051     1.986    ff0/rst_IBUF
    SLICE_X0Y2           FDCE                                         f  ff0/q_reg/CLR
  -------------------------------------------------------------------    -------------------

Slack:                    inf
  Source:                 ff1/q_reg/C
                            (rising edge-triggered cell FDCE)
  Destination:            ff1/q_reg/D
  Path Group:             (none)
  Path Type:              Max at Slow Process Corner
  Data Path Delay:        1.102ns  (logic 0.580ns (52.641%)  route 0.522ns (47.359%))
  Logic Levels:           2  (FDCE=1 LUT1=1)

    Location             Delay type                Incr(ns)  Path(ns)    Netlist Resource(s)
  -------------------------------------------------------------------    -------------------
    SLICE_X0Y1           FDCE                         0.000     0.000 r  ff1/q_reg/C
    SLICE_X0Y1           FDCE (Prop_fdce_C_Q)         0.456     0.456 f  ff1/q_reg/Q
                         net (fo=3, routed)           0.522     0.978    ff1/q1_OBUF
    SLICE_X0Y1           LUT1 (Prop_lut1_I0_O)        0.124     1.102 r  ff1/q_i_1__0/O
                         net (fo=1, routed)           0.000     1.102    ff1/q_i_1__0_n_0
    SLICE_X0Y1           FDCE                                         r  ff1/q_reg/D
  -------------------------------------------------------------------    -------------------

Slack:                    inf
  Source:                 ff0/q_reg/C
                            (rising edge-triggered cell FDCE)
  Destination:            ff0/q_reg/D
  Path Group:             (none)
  Path Type:              Max at Slow Process Corner
  Data Path Delay:        1.102ns  (logic 0.580ns (52.644%)  route 0.522ns (47.356%))
  Logic Levels:           2  (FDCE=1 LUT1=1)

    Location             Delay type                Incr(ns)  Path(ns)    Netlist Resource(s)
  -------------------------------------------------------------------    -------------------
    SLICE_X0Y2           FDCE                         0.000     0.000 r  ff0/q_reg/C
    SLICE_X0Y2           FDCE (Prop_fdce_C_Q)         0.456     0.456 f  ff0/q_reg/Q
                         net (fo=3, routed)           0.522     0.978    ff0/q0_OBUF
    SLICE_X0Y2           LUT1 (Prop_lut1_I0_O)        0.124     1.102 r  ff0/q_i_1/O
                         net (fo=1, routed)           0.000     1.102    ff0/q_i_1_n_0
    SLICE_X0Y2           FDCE                                         r  ff0/q_reg/D
  -------------------------------------------------------------------    -------------------

Slack:                    inf
  Source:                 ff2/q_reg/C
                            (rising edge-triggered cell FDCE)
  Destination:            ff2/q_reg/D
  Path Group:             (none)
  Path Type:              Max at Slow Process Corner
  Data Path Delay:        1.085ns  (logic 0.580ns (53.441%)  route 0.505ns (46.559%))
  Logic Levels:           2  (FDCE=1 LUT1=1)

    Location             Delay type                Incr(ns)  Path(ns)    Netlist Resource(s)
  -------------------------------------------------------------------    -------------------
    SLICE_X1Y1           FDCE                         0.000     0.000 r  ff2/q_reg/C
    SLICE_X1Y1           FDCE (Prop_fdce_C_Q)         0.456     0.456 f  ff2/q_reg/Q
                         net (fo=2, routed)           0.505     0.961    ff2/q2_OBUF
    SLICE_X1Y1           LUT1 (Prop_lut1_I0_O)        0.124     1.085 r  ff2/q_i_1__1/O
                         net (fo=1, routed)           0.000     1.085    ff2/q_i_1__1_n_0
    SLICE_X1Y1           FDCE                                         r  ff2/q_reg/D
  -------------------------------------------------------------------    -------------------





Min Delay Paths
--------------------------------------------------------------------------------------
Slack:                    inf
  Source:                 ff2/q_reg/C
                            (rising edge-triggered cell FDCE)
  Destination:            ff2/q_reg/D
  Path Group:             (none)
  Path Type:              Min at Fast Process Corner
  Data Path Delay:        0.354ns  (logic 0.186ns (52.498%)  route 0.168ns (47.502%))
  Logic Levels:           2  (FDCE=1 LUT1=1)

    Location             Delay type                Incr(ns)  Path(ns)    Netlist Resource(s)
  -------------------------------------------------------------------    -------------------
    SLICE_X1Y1           FDCE                         0.000     0.000 r  ff2/q_reg/C
    SLICE_X1Y1           FDCE (Prop_fdce_C_Q)         0.141     0.141 f  ff2/q_reg/Q
                         net (fo=2, routed)           0.168     0.309    ff2/q2_OBUF
    SLICE_X1Y1           LUT1 (Prop_lut1_I0_O)        0.045     0.354 r  ff2/q_i_1__1/O
                         net (fo=1, routed)           0.000     0.354    ff2/q_i_1__1_n_0
    SLICE_X1Y1           FDCE                                         r  ff2/q_reg/D
  -------------------------------------------------------------------    -------------------

Slack:                    inf
  Source:                 ff0/q_reg/C
                            (rising edge-triggered cell FDCE)
  Destination:            ff0/q_reg/D
  Path Group:             (none)
  Path Type:              Min at Fast Process Corner
  Data Path Delay:        0.371ns  (logic 0.186ns (50.171%)  route 0.185ns (49.829%))
  Logic Levels:           2  (FDCE=1 LUT1=1)

    Location             Delay type                Incr(ns)  Path(ns)    Netlist Resource(s)
  -------------------------------------------------------------------    -------------------
    SLICE_X0Y2           FDCE                         0.000     0.000 r  ff0/q_reg/C
    SLICE_X0Y2           FDCE (Prop_fdce_C_Q)         0.141     0.141 f  ff0/q_reg/Q
                         net (fo=3, routed)           0.185     0.326    ff0/q0_OBUF
    SLICE_X0Y2           LUT1 (Prop_lut1_I0_O)        0.045     0.371 r  ff0/q_i_1/O
                         net (fo=1, routed)           0.000     0.371    ff0/q_i_1_n_0
    SLICE_X0Y2           FDCE                                         r  ff0/q_reg/D
  -------------------------------------------------------------------    -------------------

Slack:                    inf
  Source:                 ff1/q_reg/C
                            (rising edge-triggered cell FDCE)
  Destination:            ff1/q_reg/D
  Path Group:             (none)
  Path Type:              Min at Fast Process Corner
  Data Path Delay:        0.371ns  (logic 0.186ns (50.162%)  route 0.185ns (49.838%))
  Logic Levels:           2  (FDCE=1 LUT1=1)

    Location             Delay type                Incr(ns)  Path(ns)    Netlist Resource(s)
  -------------------------------------------------------------------    -------------------
    SLICE_X0Y1           FDCE                         0.000     0.000 r  ff1/q_reg/C
    SLICE_X0Y1           FDCE (Prop_fdce_C_Q)         0.141     0.141 f  ff1/q_reg/Q
                         net (fo=3, routed)           0.185     0.326    ff1/q1_OBUF
    SLICE_X0Y1           LUT1 (Prop_lut1_I0_O)        0.045     0.371 r  ff1/q_i_1__0/O
                         net (fo=1, routed)           0.000     0.371    ff1/q_i_1__0_n_0
    SLICE_X0Y1           FDCE                                         r  ff1/q_reg/D
  -------------------------------------------------------------------    -------------------

Slack:                    inf
  Source:                 rst
                            (input port)
  Destination:            ff0/q_reg/CLR
  Path Group:             (none)
  Path Type:              Min at Fast Process Corner
  Data Path Delay:        0.578ns  (logic 0.164ns (28.397%)  route 0.414ns (71.603%))
  Logic Levels:           1  (IBUF=1)

    Location             Delay type                Incr(ns)  Path(ns)    Netlist Resource(s)
  -------------------------------------------------------------------    -------------------
    U16                                               0.000     0.000 f  rst (IN)
                         net (fo=0)                   0.000     0.000    rst
    U16                  IBUF (Prop_ibuf_I_O)         0.164     0.164 f  rst_IBUF_inst/O
                         net (fo=3, routed)           0.414     0.578    ff0/rst_IBUF
    SLICE_X0Y2           FDCE                                         f  ff0/q_reg/CLR
  -------------------------------------------------------------------    -------------------

Slack:                    inf
  Source:                 rst
                            (input port)
  Destination:            ff2/q_reg/CLR
  Path Group:             (none)
  Path Type:              Min at Fast Process Corner
  Data Path Delay:        0.638ns  (logic 0.164ns (25.721%)  route 0.474ns (74.279%))
  Logic Levels:           1  (IBUF=1)

    Location             Delay type                Incr(ns)  Path(ns)    Netlist Resource(s)
  -------------------------------------------------------------------    -------------------
    U16                                               0.000     0.000 f  rst (IN)
                         net (fo=0)                   0.000     0.000    rst
    U16                  IBUF (Prop_ibuf_I_O)         0.164     0.164 f  rst_IBUF_inst/O
                         net (fo=3, routed)           0.474     0.638    ff2/rst_IBUF
    SLICE_X1Y1           FDCE                                         f  ff2/q_reg/CLR
  -------------------------------------------------------------------    -------------------

Slack:                    inf
  Source:                 rst
                            (input port)
  Destination:            ff1/q_reg/CLR
  Path Group:             (none)
  Path Type:              Min at Fast Process Corner
  Data Path Delay:        0.642ns  (logic 0.164ns (25.547%)  route 0.478ns (74.453%))
  Logic Levels:           1  (IBUF=1)

    Location             Delay type                Incr(ns)  Path(ns)    Netlist Resource(s)
  -------------------------------------------------------------------    -------------------
    U16                                               0.000     0.000 f  rst (IN)
                         net (fo=0)                   0.000     0.000    rst
    U16                  IBUF (Prop_ibuf_I_O)         0.164     0.164 f  rst_IBUF_inst/O
                         net (fo=3, routed)           0.478     0.642    ff1/rst_IBUF
    SLICE_X0Y1           FDCE                                         f  ff1/q_reg/CLR
  -------------------------------------------------------------------    -------------------

Slack:                    inf
  Source:                 ff1/q_reg/C
                            (rising edge-triggered cell FDCE)
  Destination:            q1
                            (output port)
  Path Group:             (none)
  Path Type:              Min at Fast Process Corner
  Data Path Delay:        1.563ns  (logic 1.252ns (80.093%)  route 0.311ns (19.907%))
  Logic Levels:           2  (FDCE=1 OBUF=1)

    Location             Delay type                Incr(ns)  Path(ns)    Netlist Resource(s)
  -------------------------------------------------------------------    -------------------
    SLICE_X0Y1           FDCE                         0.000     0.000 r  ff1/q_reg/C
    SLICE_X0Y1           FDCE (Prop_fdce_C_Q)         0.141     0.141 r  ff1/q_reg/Q
                         net (fo=3, routed)           0.311     0.452    q1_OBUF
    V14                  OBUF (Prop_obuf_I_O)         1.111     1.563 r  q1_OBUF_inst/O
                         net (fo=0)                   0.000     1.563    q1
    V14                                                               r  q1 (OUT)
  -------------------------------------------------------------------    -------------------

Slack:                    inf
  Source:                 ff2/q_reg/C
                            (rising edge-triggered cell FDCE)
  Destination:            q2
                            (output port)
  Path Group:             (none)
  Path Type:              Min at Fast Process Corner
  Data Path Delay:        1.586ns  (logic 1.255ns (79.157%)  route 0.331ns (20.843%))
  Logic Levels:           2  (FDCE=1 OBUF=1)

    Location             Delay type                Incr(ns)  Path(ns)    Netlist Resource(s)
  -------------------------------------------------------------------    -------------------
    SLICE_X1Y1           FDCE                         0.000     0.000 r  ff2/q_reg/C
    SLICE_X1Y1           FDCE (Prop_fdce_C_Q)         0.141     0.141 r  ff2/q_reg/Q
                         net (fo=2, routed)           0.331     0.472    q2_OBUF
    V13                  OBUF (Prop_obuf_I_O)         1.114     1.586 r  q2_OBUF_inst/O
                         net (fo=0)                   0.000     1.586    q2
    V13                                                               r  q2 (OUT)
  -------------------------------------------------------------------    -------------------

Slack:                    inf
  Source:                 ff0/q_reg/C
                            (rising edge-triggered cell FDCE)
  Destination:            q0
                            (output port)
  Path Group:             (none)
  Path Type:              Min at Fast Process Corner
  Data Path Delay:        1.688ns  (logic 1.257ns (74.493%)  route 0.431ns (25.507%))
  Logic Levels:           2  (FDCE=1 OBUF=1)

    Location             Delay type                Incr(ns)  Path(ns)    Netlist Resource(s)
  -------------------------------------------------------------------    -------------------
    SLICE_X0Y2           FDCE                         0.000     0.000 r  ff0/q_reg/C
    SLICE_X0Y2           FDCE (Prop_fdce_C_Q)         0.141     0.141 r  ff0/q_reg/Q
                         net (fo=3, routed)           0.431     0.572    q0_OBUF
    U14                  OBUF (Prop_obuf_I_O)         1.116     1.688 r  q0_OBUF_inst/O
                         net (fo=0)                   0.000     1.688    q0
    U14                                                               r  q0 (OUT)
  -------------------------------------------------------------------    -------------------





