Copyright 1986-2022 Xilinx, Inc. All Rights Reserved. Copyright 2022-2024 Advanced Micro Devices, Inc. All Rights Reserved.
------------------------------------------------------------------------------------------------------------------------------------------------------------------------------------------------------------------------------
| Tool Version : Vivado v.2024.2 (win64) Build 5239630 Fri Nov 08 22:35:27 MST 2024
| Date         : Wed Apr  8 18:39:45 2026
| Host         : LAPTOP-SRINJAY running 64-bit major release  (build 9200)
| Command      : report_timing_summary -max_paths 10 -report_unconstrained -file mkFibonacci_timing_summary_routed.rpt -pb mkFibonacci_timing_summary_routed.pb -rpx mkFibonacci_timing_summary_routed.rpx -warn_on_violation
| Design       : mkFibonacci
| Device       : 7a35t-cpg236
| Speed File   : -1  PRODUCTION 1.23 2018-06-13
| Design State : Routed
------------------------------------------------------------------------------------------------------------------------------------------------------------------------------------------------------------------------------

Timing Summary Report

------------------------------------------------------------------------------------------------
| Timer Settings
| --------------
------------------------------------------------------------------------------------------------

  Enable Multi Corner Analysis               :  Yes
  Enable Pessimism Removal                   :  Yes
  Pessimism Removal Resolution               :  Nearest Common Node
  Enable Input Delay Default Clock           :  No
  Enable Preset / Clear Arcs                 :  No
  Disable Flight Delays                      :  No
  Ignore I/O Paths                           :  No
  Timing Early Launch at Borrowing Latches   :  No
  Borrow Time for Max Delay Exceptions       :  Yes
  Merge Timing Exceptions                    :  Yes
  Inter-SLR Compensation                     :  Conservative

  Corner  Analyze    Analyze    
  Name    Max Paths  Min Paths  
  ------  ---------  ---------  
  Slow    Yes        Yes        
  Fast    Yes        Yes        


------------------------------------------------------------------------------------------------
| Report Methodology
| ------------------
------------------------------------------------------------------------------------------------

Rule       Severity          Description                  Violations  
---------  ----------------  ---------------------------  ----------  
TIMING-17  Critical Warning  Non-clocked sequential cell  79          

Note: This report is based on the most recent report_methodology run and may not be up-to-date. Run report_methodology on the current design for the latest report.



check_timing report

Table of Contents
-----------------
1. checking no_clock (79)
2. checking constant_clock (0)
3. checking pulse_width_clock (0)
4. checking unconstrained_internal_endpoints (220)
5. checking no_input_delay (8)
6. checking no_output_delay (11)
7. checking multiple_clock (0)
8. checking generated_clocks (0)
9. checking loops (0)
10. checking partial_input_delay (0)
11. checking partial_output_delay (0)
12. checking latch_loops (0)

1. checking no_clock (79)
-------------------------
 There are 79 register/latch pins with no clock driven by root clock pin: CLK (HIGH)


2. checking constant_clock (0)
------------------------------
 There are 0 register/latch pins with constant_clock.


3. checking pulse_width_clock (0)
---------------------------------
 There are 0 register/latch pins which need pulse_width check


4. checking unconstrained_internal_endpoints (220)
--------------------------------------------------
 There are 220 pins that are not constrained for maximum delay. (HIGH)

 There are 0 pins that are not constrained for maximum delay due to constant clock.


5. checking no_input_delay (8)
------------------------------
 There are 8 input ports with no input delay specified. (HIGH)

 There are 0 input ports with no input delay but user has a false path constraint.


6. checking no_output_delay (11)
--------------------------------
 There are 11 ports with no output delay specified. (HIGH)

 There are 0 ports with no output delay but user has a false path constraint

 There are 0 ports with no output delay but with a timing clock defined on it or propagating through it


7. checking multiple_clock (0)
------------------------------
 There are 0 register/latch pins with multiple clocks.


8. checking generated_clocks (0)
--------------------------------
 There are 0 generated clocks that are not connected to a clock source.


9. checking loops (0)
---------------------
 There are 0 combinational loops in the design.


10. checking partial_input_delay (0)
------------------------------------
 There are 0 input ports with partial input delay specified.


11. checking partial_output_delay (0)
-------------------------------------
 There are 0 ports with partial output delay specified.


12. checking latch_loops (0)
----------------------------
 There are 0 combinational latch loops in the design through latch input



------------------------------------------------------------------------------------------------
| Design Timing Summary
| ---------------------
------------------------------------------------------------------------------------------------

    WNS(ns)      TNS(ns)  TNS Failing Endpoints  TNS Total Endpoints      WHS(ns)      THS(ns)  THS Failing Endpoints  THS Total Endpoints     WPWS(ns)     TPWS(ns)  TPWS Failing Endpoints  TPWS Total Endpoints  
    -------      -------  ---------------------  -------------------      -------      -------  ---------------------  -------------------     --------     --------  ----------------------  --------------------  
        inf        0.000                      0                  231          inf        0.000                      0                  231           NA           NA                      NA                    NA  


There are no user specified timing constraints.


------------------------------------------------------------------------------------------------
| Clock Summary
| -------------
------------------------------------------------------------------------------------------------


------------------------------------------------------------------------------------------------
| Intra Clock Table
| -----------------
------------------------------------------------------------------------------------------------

Clock             WNS(ns)      TNS(ns)  TNS Failing Endpoints  TNS Total Endpoints      WHS(ns)      THS(ns)  THS Failing Endpoints  THS Total Endpoints     WPWS(ns)     TPWS(ns)  TPWS Failing Endpoints  TPWS Total Endpoints  
-----             -------      -------  ---------------------  -------------------      -------      -------  ---------------------  -------------------     --------     --------  ----------------------  --------------------  


------------------------------------------------------------------------------------------------
| Inter Clock Table
| -----------------
------------------------------------------------------------------------------------------------

From Clock    To Clock          WNS(ns)      TNS(ns)  TNS Failing Endpoints  TNS Total Endpoints      WHS(ns)      THS(ns)  THS Failing Endpoints  THS Total Endpoints  
----------    --------          -------      -------  ---------------------  -------------------      -------      -------  ---------------------  -------------------  


------------------------------------------------------------------------------------------------
| Other Path Groups Table
| -----------------------
------------------------------------------------------------------------------------------------

Path Group    From Clock    To Clock          WNS(ns)      TNS(ns)  TNS Failing Endpoints  TNS Total Endpoints      WHS(ns)      THS(ns)  THS Failing Endpoints  THS Total Endpoints  
----------    ----------    --------          -------      -------  ---------------------  -------------------      -------      -------  ---------------------  -------------------  


------------------------------------------------------------------------------------------------
| User Ignored Path Table
| -----------------------
------------------------------------------------------------------------------------------------

Path Group    From Clock    To Clock    
----------    ----------    --------    


------------------------------------------------------------------------------------------------
| Unconstrained Path Table
| ------------------------
------------------------------------------------------------------------------------------------

Path Group    From Clock    To Clock    
----------    ----------    --------    
(none)                                    


------------------------------------------------------------------------------------------------
| Timing Details
| --------------
------------------------------------------------------------------------------------------------


--------------------------------------------------------------------------------------
Path Group:  (none)
From Clock:  
  To Clock:  

Max Delay           231 Endpoints
Min Delay           231 Endpoints
--------------------------------------------------------------------------------------


Max Delay Paths
--------------------------------------------------------------------------------------
Slack:                    inf
  Source:                 refresh_cnt_reg[14]/C
                            (rising edge-triggered cell FDRE)
  Destination:            seg[5]
                            (output port)
  Path Group:             (none)
  Path Type:              Max at Slow Process Corner
  Data Path Delay:        9.514ns  (logic 4.500ns (47.302%)  route 5.014ns (52.698%))
  Logic Levels:           4  (FDRE=1 LUT4=1 LUT6=1 OBUF=1)

    Location             Delay type                Incr(ns)  Path(ns)    Netlist Resource(s)
  -------------------------------------------------------------------    -------------------
    SLICE_X34Y24         FDRE                         0.000     0.000 r  refresh_cnt_reg[14]/C
    SLICE_X34Y24         FDRE (Prop_fdre_C_Q)         0.518     0.518 r  refresh_cnt_reg[14]/Q
                         net (fo=9, routed)           2.033     2.551    p_0_in[0]
    SLICE_X63Y22         LUT6 (Prop_lut6_I4_O)        0.124     2.675 r  seg_OBUF[6]_inst_i_4/O
                         net (fo=7, routed)           1.121     3.797    nibble__h636[0]
    SLICE_X64Y20         LUT4 (Prop_lut4_I1_O)        0.150     3.947 r  seg_OBUF[5]_inst_i_1/O
                         net (fo=1, routed)           1.859     5.806    seg_OBUF[5]
    V5                   OBUF (Prop_obuf_I_O)         3.708     9.514 r  seg_OBUF[5]_inst/O
                         net (fo=0)                   0.000     9.514    seg[5]
    V5                                                                r  seg[5] (OUT)
  -------------------------------------------------------------------    -------------------

Slack:                    inf
  Source:                 refresh_cnt_reg[14]/C
                            (rising edge-triggered cell FDRE)
  Destination:            seg[6]
                            (output port)
  Path Group:             (none)
  Path Type:              Max at Slow Process Corner
  Data Path Delay:        9.317ns  (logic 4.297ns (46.125%)  route 5.020ns (53.875%))
  Logic Levels:           4  (FDRE=1 LUT4=1 LUT6=1 OBUF=1)

    Location             Delay type                Incr(ns)  Path(ns)    Netlist Resource(s)
  -------------------------------------------------------------------    -------------------
    SLICE_X34Y24         FDRE                         0.000     0.000 r  refresh_cnt_reg[14]/C
    SLICE_X34Y24         FDRE (Prop_fdre_C_Q)         0.518     0.518 r  refresh_cnt_reg[14]/Q
                         net (fo=9, routed)           2.033     2.551    p_0_in[0]
    SLICE_X63Y22         LUT6 (Prop_lut6_I4_O)        0.124     2.675 r  seg_OBUF[6]_inst_i_4/O
                         net (fo=7, routed)           1.111     3.787    nibble__h636[0]
    SLICE_X64Y20         LUT4 (Prop_lut4_I2_O)        0.124     3.911 r  seg_OBUF[6]_inst_i_1/O
                         net (fo=1, routed)           1.875     5.786    seg_OBUF[6]
    U7                   OBUF (Prop_obuf_I_O)         3.531     9.317 r  seg_OBUF[6]_inst/O
                         net (fo=0)                   0.000     9.317    seg[6]
    U7                                                                r  seg[6] (OUT)
  -------------------------------------------------------------------    -------------------

Slack:                    inf
  Source:                 refresh_cnt_reg[14]/C
                            (rising edge-triggered cell FDRE)
  Destination:            seg[4]
                            (output port)
  Path Group:             (none)
  Path Type:              Max at Slow Process Corner
  Data Path Delay:        9.250ns  (logic 4.286ns (46.332%)  route 4.964ns (53.668%))
  Logic Levels:           4  (FDRE=1 LUT4=1 LUT6=1 OBUF=1)

    Location             Delay type                Incr(ns)  Path(ns)    Netlist Resource(s)
  -------------------------------------------------------------------    -------------------
    SLICE_X34Y24         FDRE                         0.000     0.000 r  refresh_cnt_reg[14]/C
    SLICE_X34Y24         FDRE (Prop_fdre_C_Q)         0.518     0.518 r  refresh_cnt_reg[14]/Q
                         net (fo=9, routed)           2.033     2.551    p_0_in[0]
    SLICE_X63Y22         LUT6 (Prop_lut6_I4_O)        0.124     2.675 r  seg_OBUF[6]_inst_i_4/O
                         net (fo=7, routed)           1.121     3.797    nibble__h636[0]
    SLICE_X64Y20         LUT4 (Prop_lut4_I0_O)        0.124     3.921 r  seg_OBUF[4]_inst_i_1/O
                         net (fo=1, routed)           1.810     5.730    seg_OBUF[4]
    U5                   OBUF (Prop_obuf_I_O)         3.520     9.250 r  seg_OBUF[4]_inst/O
                         net (fo=0)                   0.000     9.250    seg[4]
    U5                                                                r  seg[4] (OUT)
  -------------------------------------------------------------------    -------------------

Slack:                    inf
  Source:                 refresh_cnt_reg[15]/C
                            (rising edge-triggered cell FDRE)
  Destination:            seg[3]
                            (output port)
  Path Group:             (none)
  Path Type:              Max at Slow Process Corner
  Data Path Delay:        9.202ns  (logic 4.762ns (51.745%)  route 4.440ns (48.255%))
  Logic Levels:           4  (FDRE=1 LUT4=1 LUT5=1 OBUF=1)

    Location             Delay type                Incr(ns)  Path(ns)    Netlist Resource(s)
  -------------------------------------------------------------------    -------------------
    SLICE_X34Y24         FDRE                         0.000     0.000 r  refresh_cnt_reg[15]/C
    SLICE_X34Y24         FDRE (Prop_fdre_C_Q)         0.518     0.518 r  refresh_cnt_reg[15]/Q
                         net (fo=9, routed)           2.027     2.545    p_0_in[1]
    SLICE_X63Y22         LUT5 (Prop_lut5_I3_O)        0.152     2.697 r  seg_OBUF[6]_inst_i_2/O
                         net (fo=7, routed)           0.750     3.447    nibble__h636[3]
    SLICE_X64Y21         LUT4 (Prop_lut4_I0_O)        0.352     3.799 r  seg_OBUF[3]_inst_i_1/O
                         net (fo=1, routed)           1.664     5.462    seg_OBUF[3]
    V8                   OBUF (Prop_obuf_I_O)         3.740     9.202 r  seg_OBUF[3]_inst/O
                         net (fo=0)                   0.000     9.202    seg[3]
    V8                                                                r  seg[3] (OUT)
  -------------------------------------------------------------------    -------------------

Slack:                    inf
  Source:                 refresh_cnt_reg[15]/C
                            (rising edge-triggered cell FDRE)
  Destination:            seg[1]
                            (output port)
  Path Group:             (none)
  Path Type:              Max at Slow Process Corner
  Data Path Delay:        9.194ns  (logic 4.521ns (49.174%)  route 4.673ns (50.826%))
  Logic Levels:           4  (FDRE=1 LUT4=1 LUT5=1 OBUF=1)

    Location             Delay type                Incr(ns)  Path(ns)    Netlist Resource(s)
  -------------------------------------------------------------------    -------------------
    SLICE_X34Y24         FDRE                         0.000     0.000 r  refresh_cnt_reg[15]/C
    SLICE_X34Y24         FDRE (Prop_fdre_C_Q)         0.518     0.518 r  refresh_cnt_reg[15]/Q
                         net (fo=9, routed)           2.029     2.547    p_0_in[1]
    SLICE_X63Y22         LUT5 (Prop_lut5_I3_O)        0.124     2.671 r  seg_OBUF[6]_inst_i_3/O
                         net (fo=7, routed)           0.970     3.641    nibble__h636[2]
    SLICE_X64Y22         LUT4 (Prop_lut4_I1_O)        0.146     3.787 r  seg_OBUF[1]_inst_i_1/O
                         net (fo=1, routed)           1.674     5.461    seg_OBUF[1]
    W6                   OBUF (Prop_obuf_I_O)         3.733     9.194 r  seg_OBUF[1]_inst/O
                         net (fo=0)                   0.000     9.194    seg[1]
    W6                                                                r  seg[1] (OUT)
  -------------------------------------------------------------------    -------------------

Slack:                    inf
  Source:                 refresh_cnt_reg[15]/C
                            (rising edge-triggered cell FDRE)
  Destination:            seg[0]
                            (output port)
  Path Group:             (none)
  Path Type:              Max at Slow Process Corner
  Data Path Delay:        9.084ns  (logic 4.277ns (47.081%)  route 4.807ns (52.919%))
  Logic Levels:           4  (FDRE=1 LUT4=1 LUT5=1 OBUF=1)

    Location             Delay type                Incr(ns)  Path(ns)    Netlist Resource(s)
  -------------------------------------------------------------------    -------------------
    SLICE_X34Y24         FDRE                         0.000     0.000 r  refresh_cnt_reg[15]/C
    SLICE_X34Y24         FDRE (Prop_fdre_C_Q)         0.518     0.518 r  refresh_cnt_reg[15]/Q
                         net (fo=9, routed)           2.029     2.547    p_0_in[1]
    SLICE_X63Y22         LUT5 (Prop_lut5_I3_O)        0.124     2.671 r  seg_OBUF[6]_inst_i_3/O
                         net (fo=7, routed)           0.970     3.641    nibble__h636[2]
    SLICE_X64Y22         LUT4 (Prop_lut4_I3_O)        0.124     3.765 r  seg_OBUF[0]_inst_i_1/O
                         net (fo=1, routed)           1.808     5.573    seg_OBUF[0]
    W7                   OBUF (Prop_obuf_I_O)         3.511     9.084 r  seg_OBUF[0]_inst/O
                         net (fo=0)                   0.000     9.084    seg[0]
    W7                                                                r  seg[0] (OUT)
  -------------------------------------------------------------------    -------------------

Slack:                    inf
  Source:                 refresh_cnt_reg[15]/C
                            (rising edge-triggered cell FDRE)
  Destination:            seg[2]
                            (output port)
  Path Group:             (none)
  Path Type:              Max at Slow Process Corner
  Data Path Delay:        8.981ns  (logic 4.531ns (50.452%)  route 4.450ns (49.548%))
  Logic Levels:           4  (FDRE=1 LUT4=1 LUT5=1 OBUF=1)

    Location             Delay type                Incr(ns)  Path(ns)    Netlist Resource(s)
  -------------------------------------------------------------------    -------------------
    SLICE_X34Y24         FDRE                         0.000     0.000 r  refresh_cnt_reg[15]/C
    SLICE_X34Y24         FDRE (Prop_fdre_C_Q)         0.518     0.518 r  refresh_cnt_reg[15]/Q
                         net (fo=9, routed)           2.027     2.545    p_0_in[1]
    SLICE_X63Y22         LUT5 (Prop_lut5_I3_O)        0.152     2.697 r  seg_OBUF[6]_inst_i_2/O
                         net (fo=7, routed)           0.750     3.447    nibble__h636[3]
    SLICE_X64Y21         LUT4 (Prop_lut4_I3_O)        0.326     3.773 r  seg_OBUF[2]_inst_i_1/O
                         net (fo=1, routed)           1.673     5.446    seg_OBUF[2]
    U8                   OBUF (Prop_obuf_I_O)         3.535     8.981 r  seg_OBUF[2]_inst/O
                         net (fo=0)                   0.000     8.981    seg[2]
    U8                                                                r  seg[2] (OUT)
  -------------------------------------------------------------------    -------------------

Slack:                    inf
  Source:                 refresh_cnt_reg[15]/C
                            (rising edge-triggered cell FDRE)
  Destination:            an[0]
                            (output port)
  Path Group:             (none)
  Path Type:              Max at Slow Process Corner
  Data Path Delay:        8.502ns  (logic 4.381ns (51.525%)  route 4.122ns (48.475%))
  Logic Levels:           3  (FDRE=1 LUT2=1 OBUF=1)

    Location             Delay type                Incr(ns)  Path(ns)    Netlist Resource(s)
  -------------------------------------------------------------------    -------------------
    SLICE_X34Y24         FDRE                         0.000     0.000 r  refresh_cnt_reg[15]/C
    SLICE_X34Y24         FDRE (Prop_fdre_C_Q)         0.518     0.518 r  refresh_cnt_reg[15]/Q
                         net (fo=9, routed)           2.029     2.547    p_0_in[1]
    SLICE_X63Y22         LUT2 (Prop_lut2_I1_O)        0.152     2.699 r  an_OBUF[0]_inst_i_1/O
                         net (fo=1, routed)           2.093     4.792    an_OBUF[0]
    U2                   OBUF (Prop_obuf_I_O)         3.711     8.502 r  an_OBUF[0]_inst/O
                         net (fo=0)                   0.000     8.502    an[0]
    U2                                                                r  an[0] (OUT)
  -------------------------------------------------------------------    -------------------

Slack:                    inf
  Source:                 EN_inputs
                            (input port)
  Destination:            r1_reg[0]/CE
  Path Group:             (none)
  Path Type:              Max at Slow Process Corner
  Data Path Delay:        8.140ns  (logic 1.580ns (19.412%)  route 6.560ns (80.588%))
  Logic Levels:           2  (IBUF=1 LUT5=1)

    Location             Delay type                Incr(ns)  Path(ns)    Netlist Resource(s)
  -------------------------------------------------------------------    -------------------
    R2                                                0.000     0.000 r  EN_inputs (IN)
                         net (fo=0)                   0.000     0.000    EN_inputs
    R2                   IBUF (Prop_ibuf_I_O)         1.456     1.456 r  EN_inputs_IBUF_inst/O
                         net (fo=4, routed)           3.997     5.453    EN_inputs_IBUF
    SLICE_X12Y15         LUT5 (Prop_lut5_I1_O)        0.124     5.577 r  r1[13]_i_1/O
                         net (fo=33, routed)          2.563     8.140    count$EN
    SLICE_X63Y20         FDRE                                         r  r1_reg[0]/CE
  -------------------------------------------------------------------    -------------------

Slack:                    inf
  Source:                 EN_inputs
                            (input port)
  Destination:            r1_reg[1]/CE
  Path Group:             (none)
  Path Type:              Max at Slow Process Corner
  Data Path Delay:        8.140ns  (logic 1.580ns (19.412%)  route 6.560ns (80.588%))
  Logic Levels:           2  (IBUF=1 LUT5=1)

    Location             Delay type                Incr(ns)  Path(ns)    Netlist Resource(s)
  -------------------------------------------------------------------    -------------------
    R2                                                0.000     0.000 r  EN_inputs (IN)
                         net (fo=0)                   0.000     0.000    EN_inputs
    R2                   IBUF (Prop_ibuf_I_O)         1.456     1.456 r  EN_inputs_IBUF_inst/O
                         net (fo=4, routed)           3.997     5.453    EN_inputs_IBUF
    SLICE_X12Y15         LUT5 (Prop_lut5_I1_O)        0.124     5.577 r  r1[13]_i_1/O
                         net (fo=33, routed)          2.563     8.140    count$EN
    SLICE_X63Y20         FDRE                                         r  r1_reg[1]/CE
  -------------------------------------------------------------------    -------------------





Min Delay Paths
--------------------------------------------------------------------------------------
Slack:                    inf
  Source:                 r2_reg[9]/C
                            (rising edge-triggered cell FDRE)
  Destination:            r1_reg[9]/D
  Path Group:             (none)
  Path Type:              Min at Fast Process Corner
  Data Path Delay:        0.264ns  (logic 0.141ns (53.422%)  route 0.123ns (46.578%))
  Logic Levels:           1  (FDRE=1)

    Location             Delay type                Incr(ns)  Path(ns)    Netlist Resource(s)
  -------------------------------------------------------------------    -------------------
    SLICE_X62Y22         FDRE                         0.000     0.000 r  r2_reg[9]/C
    SLICE_X62Y22         FDRE (Prop_fdre_C_Q)         0.141     0.141 r  r2_reg[9]/Q
                         net (fo=2, routed)           0.123     0.264    r2_reg[9]
    SLICE_X63Y22         FDRE                                         r  r1_reg[9]/D
  -------------------------------------------------------------------    -------------------

Slack:                    inf
  Source:                 r2_reg[10]/C
                            (rising edge-triggered cell FDRE)
  Destination:            r1_reg[10]/D
  Path Group:             (none)
  Path Type:              Min at Fast Process Corner
  Data Path Delay:        0.268ns  (logic 0.141ns (52.620%)  route 0.127ns (47.380%))
  Logic Levels:           1  (FDRE=1)

    Location             Delay type                Incr(ns)  Path(ns)    Netlist Resource(s)
  -------------------------------------------------------------------    -------------------
    SLICE_X62Y22         FDRE                         0.000     0.000 r  r2_reg[10]/C
    SLICE_X62Y22         FDRE (Prop_fdre_C_Q)         0.141     0.141 r  r2_reg[10]/Q
                         net (fo=2, routed)           0.127     0.268    r2_reg[10]
    SLICE_X63Y22         FDRE                                         r  r1_reg[10]/D
  -------------------------------------------------------------------    -------------------

Slack:                    inf
  Source:                 r2_reg[13]/C
                            (rising edge-triggered cell FDRE)
  Destination:            r1_reg[13]/D
  Path Group:             (none)
  Path Type:              Min at Fast Process Corner
  Data Path Delay:        0.324ns  (logic 0.141ns (43.491%)  route 0.183ns (56.509%))
  Logic Levels:           1  (FDRE=1)

    Location             Delay type                Incr(ns)  Path(ns)    Netlist Resource(s)
  -------------------------------------------------------------------    -------------------
    SLICE_X62Y23         FDRE                         0.000     0.000 r  r2_reg[13]/C
    SLICE_X62Y23         FDRE (Prop_fdre_C_Q)         0.141     0.141 r  r2_reg[13]/Q
                         net (fo=2, routed)           0.183     0.324    r2_reg[13]
    SLICE_X63Y23         FDRE                                         r  r1_reg[13]/D
  -------------------------------------------------------------------    -------------------

Slack:                    inf
  Source:                 r2_reg[1]/C
                            (rising edge-triggered cell FDRE)
  Destination:            r1_reg[1]/D
  Path Group:             (none)
  Path Type:              Min at Fast Process Corner
  Data Path Delay:        0.324ns  (logic 0.141ns (43.491%)  route 0.183ns (56.509%))
  Logic Levels:           1  (FDRE=1)

    Location             Delay type                Incr(ns)  Path(ns)    Netlist Resource(s)
  -------------------------------------------------------------------    -------------------
    SLICE_X62Y20         FDRE                         0.000     0.000 r  r2_reg[1]/C
    SLICE_X62Y20         FDRE (Prop_fdre_C_Q)         0.141     0.141 r  r2_reg[1]/Q
                         net (fo=2, routed)           0.183     0.324    r2_reg[1]
    SLICE_X63Y20         FDRE                                         r  r1_reg[1]/D
  -------------------------------------------------------------------    -------------------

Slack:                    inf
  Source:                 r2_reg[5]/C
                            (rising edge-triggered cell FDRE)
  Destination:            r1_reg[5]/D
  Path Group:             (none)
  Path Type:              Min at Fast Process Corner
  Data Path Delay:        0.324ns  (logic 0.141ns (43.491%)  route 0.183ns (56.509%))
  Logic Levels:           1  (FDRE=1)

    Location             Delay type                Incr(ns)  Path(ns)    Netlist Resource(s)
  -------------------------------------------------------------------    -------------------
    SLICE_X62Y21         FDRE                         0.000     0.000 r  r2_reg[5]/C
    SLICE_X62Y21         FDRE (Prop_fdre_C_Q)         0.141     0.141 r  r2_reg[5]/Q
                         net (fo=2, routed)           0.183     0.324    r2_reg[5]
    SLICE_X63Y21         FDRE                                         r  r1_reg[5]/D
  -------------------------------------------------------------------    -------------------

Slack:                    inf
  Source:                 r1_reg[8]/C
                            (rising edge-triggered cell FDRE)
  Destination:            r2_reg[8]/D
  Path Group:             (none)
  Path Type:              Min at Fast Process Corner
  Data Path Delay:        0.327ns  (logic 0.256ns (78.363%)  route 0.071ns (21.637%))
  Logic Levels:           3  (CARRY4=1 FDRE=1 LUT2=1)

    Location             Delay type                Incr(ns)  Path(ns)    Netlist Resource(s)
  -------------------------------------------------------------------    -------------------
    SLICE_X63Y22         FDRE                         0.000     0.000 r  r1_reg[8]/C
    SLICE_X63Y22         FDRE (Prop_fdre_C_Q)         0.141     0.141 r  r1_reg[8]/Q
                         net (fo=3, routed)           0.071     0.212    p_1_in[0]
    SLICE_X62Y22         LUT2 (Prop_lut2_I0_O)        0.045     0.257 r  r2[8]_i_5/O
                         net (fo=1, routed)           0.000     0.257    r2[8]_i_5_n_0
    SLICE_X62Y22         CARRY4 (Prop_carry4_S[0]_O[0])
                                                      0.070     0.327 r  r2_reg[8]_i_1/O[0]
                         net (fo=1, routed)           0.000     0.327    r2_reg[8]_i_1_n_7
    SLICE_X62Y22         FDRE                                         r  r2_reg[8]/D
  -------------------------------------------------------------------    -------------------

Slack:                    inf
  Source:                 r2_reg[11]/C
                            (rising edge-triggered cell FDRE)
  Destination:            r1_reg[11]/D
  Path Group:             (none)
  Path Type:              Min at Fast Process Corner
  Data Path Delay:        0.331ns  (logic 0.141ns (42.551%)  route 0.190ns (57.449%))
  Logic Levels:           1  (FDRE=1)

    Location             Delay type                Incr(ns)  Path(ns)    Netlist Resource(s)
  -------------------------------------------------------------------    -------------------
    SLICE_X62Y22         FDRE                         0.000     0.000 r  r2_reg[11]/C
    SLICE_X62Y22         FDRE (Prop_fdre_C_Q)         0.141     0.141 r  r2_reg[11]/Q
                         net (fo=2, routed)           0.190     0.331    r2_reg[11]
    SLICE_X63Y22         FDRE                                         r  r1_reg[11]/D
  -------------------------------------------------------------------    -------------------

Slack:                    inf
  Source:                 r1_reg[11]/C
                            (rising edge-triggered cell FDRE)
  Destination:            r2_reg[11]/D
  Path Group:             (none)
  Path Type:              Min at Fast Process Corner
  Data Path Delay:        0.332ns  (logic 0.249ns (75.048%)  route 0.083ns (24.952%))
  Logic Levels:           3  (CARRY4=1 FDRE=1 LUT2=1)

    Location             Delay type                Incr(ns)  Path(ns)    Netlist Resource(s)
  -------------------------------------------------------------------    -------------------
    SLICE_X63Y22         FDRE                         0.000     0.000 r  r1_reg[11]/C
    SLICE_X63Y22         FDRE (Prop_fdre_C_Q)         0.141     0.141 r  r1_reg[11]/Q
                         net (fo=3, routed)           0.083     0.224    p_1_in[3]
    SLICE_X62Y22         LUT2 (Prop_lut2_I0_O)        0.045     0.269 r  r2[8]_i_2/O
                         net (fo=1, routed)           0.000     0.269    r2[8]_i_2_n_0
    SLICE_X62Y22         CARRY4 (Prop_carry4_S[3]_O[3])
                                                      0.063     0.332 r  r2_reg[8]_i_1/O[3]
                         net (fo=1, routed)           0.000     0.332    r2_reg[8]_i_1_n_4
    SLICE_X62Y22         FDRE                                         r  r2_reg[11]/D
  -------------------------------------------------------------------    -------------------

Slack:                    inf
  Source:                 r1_reg[3]/C
                            (rising edge-triggered cell FDRE)
  Destination:            r2_reg[3]/D
  Path Group:             (none)
  Path Type:              Min at Fast Process Corner
  Data Path Delay:        0.356ns  (logic 0.249ns (69.901%)  route 0.107ns (30.099%))
  Logic Levels:           3  (CARRY4=1 FDRE=1 LUT2=1)

    Location             Delay type                Incr(ns)  Path(ns)    Netlist Resource(s)
  -------------------------------------------------------------------    -------------------
    SLICE_X63Y20         FDRE                         0.000     0.000 r  r1_reg[3]/C
    SLICE_X63Y20         FDRE (Prop_fdre_C_Q)         0.141     0.141 r  r1_reg[3]/Q
                         net (fo=3, routed)           0.107     0.248    r1_reg_n_0_[3]
    SLICE_X62Y20         LUT2 (Prop_lut2_I0_O)        0.045     0.293 r  r2[0]_i_2/O
                         net (fo=1, routed)           0.000     0.293    r2[0]_i_2_n_0
    SLICE_X62Y20         CARRY4 (Prop_carry4_S[3]_O[3])
                                                      0.063     0.356 r  r2_reg[0]_i_1/O[3]
                         net (fo=1, routed)           0.000     0.356    r2_reg[0]_i_1_n_4
    SLICE_X62Y20         FDRE                                         r  r2_reg[3]/D
  -------------------------------------------------------------------    -------------------

Slack:                    inf
  Source:                 r1_reg[7]/C
                            (rising edge-triggered cell FDRE)
  Destination:            r2_reg[7]/D
  Path Group:             (none)
  Path Type:              Min at Fast Process Corner
  Data Path Delay:        0.356ns  (logic 0.249ns (69.901%)  route 0.107ns (30.099%))
  Logic Levels:           3  (CARRY4=1 FDRE=1 LUT2=1)

    Location             Delay type                Incr(ns)  Path(ns)    Netlist Resource(s)
  -------------------------------------------------------------------    -------------------
    SLICE_X63Y21         FDRE                         0.000     0.000 r  r1_reg[7]/C
    SLICE_X63Y21         FDRE (Prop_fdre_C_Q)         0.141     0.141 r  r1_reg[7]/Q
                         net (fo=3, routed)           0.107     0.248    r1_reg_n_0_[7]
    SLICE_X62Y21         LUT2 (Prop_lut2_I0_O)        0.045     0.293 r  r2[4]_i_2/O
                         net (fo=1, routed)           0.000     0.293    r2[4]_i_2_n_0
    SLICE_X62Y21         CARRY4 (Prop_carry4_S[3]_O[3])
                                                      0.063     0.356 r  r2_reg[4]_i_1/O[3]
                         net (fo=1, routed)           0.000     0.356    r2_reg[4]_i_1_n_4
    SLICE_X62Y21         FDRE                                         r  r2_reg[7]/D
  -------------------------------------------------------------------    -------------------





