Copyright 1986-2022 Xilinx, Inc. All Rights Reserved. Copyright 2022-2024 Advanced Micro Devices, Inc. All Rights Reserved.
------------------------------------------------------------------------------------------------------------------------------------------------------------------------------------------------------------------------
| Tool Version : Vivado v.2024.2 (win64) Build 5239630 Fri Nov 08 22:35:27 MST 2024
| Date         : Mon May 18 21:16:36 2026
| Host         : LAPTOP-SRINJAY running 64-bit major release  (build 9200)
| Command      : report_timing_summary -max_paths 10 -report_unconstrained -file mkCounter_timing_summary_routed.rpt -pb mkCounter_timing_summary_routed.pb -rpx mkCounter_timing_summary_routed.rpx -warn_on_violation
| Design       : mkCounter
| Device       : 7a35t-cpg236
| Speed File   : -1  PRODUCTION 1.23 2018-06-13
| Design State : Routed
------------------------------------------------------------------------------------------------------------------------------------------------------------------------------------------------------------------------

Timing Summary Report

------------------------------------------------------------------------------------------------
| Timer Settings
| --------------
------------------------------------------------------------------------------------------------

  Enable Multi Corner Analysis               :  Yes
  Enable Pessimism Removal                   :  Yes
  Pessimism Removal Resolution               :  Nearest Common Node
  Enable Input Delay Default Clock           :  No
  Enable Preset / Clear Arcs                 :  No
  Disable Flight Delays                      :  No
  Ignore I/O Paths                           :  No
  Timing Early Launch at Borrowing Latches   :  No
  Borrow Time for Max Delay Exceptions       :  Yes
  Merge Timing Exceptions                    :  Yes
  Inter-SLR Compensation                     :  Conservative

  Corner  Analyze    Analyze    
  Name    Max Paths  Min Paths  
  ------  ---------  ---------  
  Slow    Yes        Yes        
  Fast    Yes        Yes        


------------------------------------------------------------------------------------------------
| Report Methodology
| ------------------
------------------------------------------------------------------------------------------------

Rule       Severity          Description                  Violations  
---------  ----------------  ---------------------------  ----------  
TIMING-17  Critical Warning  Non-clocked sequential cell  28          

Note: This report is based on the most recent report_methodology run and may not be up-to-date. Run report_methodology on the current design for the latest report.



check_timing report

Table of Contents
-----------------
1. checking no_clock (28)
2. checking constant_clock (0)
3. checking pulse_width_clock (0)
4. checking unconstrained_internal_endpoints (60)
5. checking no_input_delay (1)
6. checking no_output_delay (4)
7. checking multiple_clock (0)
8. checking generated_clocks (0)
9. checking loops (0)
10. checking partial_input_delay (0)
11. checking partial_output_delay (0)
12. checking latch_loops (0)

1. checking no_clock (28)
-------------------------
 There are 28 register/latch pins with no clock driven by root clock pin: CLK (HIGH)


2. checking constant_clock (0)
------------------------------
 There are 0 register/latch pins with constant_clock.


3. checking pulse_width_clock (0)
---------------------------------
 There are 0 register/latch pins which need pulse_width check


4. checking unconstrained_internal_endpoints (60)
-------------------------------------------------
 There are 60 pins that are not constrained for maximum delay. (HIGH)

 There are 0 pins that are not constrained for maximum delay due to constant clock.


5. checking no_input_delay (1)
------------------------------
 There is 1 input port with no input delay specified. (HIGH)

 There are 0 input ports with no input delay but user has a false path constraint.


6. checking no_output_delay (4)
-------------------------------
 There are 4 ports with no output delay specified. (HIGH)

 There are 0 ports with no output delay but user has a false path constraint

 There are 0 ports with no output delay but with a timing clock defined on it or propagating through it


7. checking multiple_clock (0)
------------------------------
 There are 0 register/latch pins with multiple clocks.


8. checking generated_clocks (0)
--------------------------------
 There are 0 generated clocks that are not connected to a clock source.


9. checking loops (0)
---------------------
 There are 0 combinational loops in the design.


10. checking partial_input_delay (0)
------------------------------------
 There are 0 input ports with partial input delay specified.


11. checking partial_output_delay (0)
-------------------------------------
 There are 0 ports with partial output delay specified.


12. checking latch_loops (0)
----------------------------
 There are 0 combinational latch loops in the design through latch input



------------------------------------------------------------------------------------------------
| Design Timing Summary
| ---------------------
------------------------------------------------------------------------------------------------

    WNS(ns)      TNS(ns)  TNS Failing Endpoints  TNS Total Endpoints      WHS(ns)      THS(ns)  THS Failing Endpoints  THS Total Endpoints     WPWS(ns)     TPWS(ns)  TPWS Failing Endpoints  TPWS Total Endpoints  
    -------      -------  ---------------------  -------------------      -------      -------  ---------------------  -------------------     --------     --------  ----------------------  --------------------  
        inf        0.000                      0                   64          inf        0.000                      0                   64           NA           NA                      NA                    NA  


There are no user specified timing constraints.


------------------------------------------------------------------------------------------------
| Clock Summary
| -------------
------------------------------------------------------------------------------------------------


------------------------------------------------------------------------------------------------
| Intra Clock Table
| -----------------
------------------------------------------------------------------------------------------------

Clock             WNS(ns)      TNS(ns)  TNS Failing Endpoints  TNS Total Endpoints      WHS(ns)      THS(ns)  THS Failing Endpoints  THS Total Endpoints     WPWS(ns)     TPWS(ns)  TPWS Failing Endpoints  TPWS Total Endpoints  
-----             -------      -------  ---------------------  -------------------      -------      -------  ---------------------  -------------------     --------     --------  ----------------------  --------------------  


------------------------------------------------------------------------------------------------
| Inter Clock Table
| -----------------
------------------------------------------------------------------------------------------------

From Clock    To Clock          WNS(ns)      TNS(ns)  TNS Failing Endpoints  TNS Total Endpoints      WHS(ns)      THS(ns)  THS Failing Endpoints  THS Total Endpoints  
----------    --------          -------      -------  ---------------------  -------------------      -------      -------  ---------------------  -------------------  


------------------------------------------------------------------------------------------------
| Other Path Groups Table
| -----------------------
------------------------------------------------------------------------------------------------

Path Group    From Clock    To Clock          WNS(ns)      TNS(ns)  TNS Failing Endpoints  TNS Total Endpoints      WHS(ns)      THS(ns)  THS Failing Endpoints  THS Total Endpoints  
----------    ----------    --------          -------      -------  ---------------------  -------------------      -------      -------  ---------------------  -------------------  


------------------------------------------------------------------------------------------------
| User Ignored Path Table
| -----------------------
------------------------------------------------------------------------------------------------

Path Group    From Clock    To Clock    
----------    ----------    --------    


------------------------------------------------------------------------------------------------
| Unconstrained Path Table
| ------------------------
------------------------------------------------------------------------------------------------

Path Group    From Clock    To Clock    
----------    ----------    --------    
(none)                                    


------------------------------------------------------------------------------------------------
| Timing Details
| --------------
------------------------------------------------------------------------------------------------


--------------------------------------------------------------------------------------
Path Group:  (none)
From Clock:  
  To Clock:  

Max Delay            64 Endpoints
Min Delay            64 Endpoints
--------------------------------------------------------------------------------------


Max Delay Paths
--------------------------------------------------------------------------------------
Slack:                    inf
  Source:                 count_reg[1]/C
                            (rising edge-triggered cell FDRE)
  Destination:            read[1]
                            (output port)
  Path Group:             (none)
  Path Type:              Max at Slow Process Corner
  Data Path Delay:        6.672ns  (logic 4.124ns (61.805%)  route 2.548ns (38.195%))
  Logic Levels:           2  (FDRE=1 OBUF=1)

    Location             Delay type                Incr(ns)  Path(ns)    Netlist Resource(s)
  -------------------------------------------------------------------    -------------------
    SLICE_X0Y18          FDRE                         0.000     0.000 r  count_reg[1]/C
    SLICE_X0Y18          FDRE (Prop_fdre_C_Q)         0.419     0.419 r  count_reg[1]/Q
                         net (fo=4, routed)           2.548     2.967    read_OBUF[1]
    E19                  OBUF (Prop_obuf_I_O)         3.705     6.672 r  read_OBUF[1]_inst/O
                         net (fo=0)                   0.000     6.672    read[1]
    E19                                                               r  read[1] (OUT)
  -------------------------------------------------------------------    -------------------

Slack:                    inf
  Source:                 count_reg[0]/C
                            (rising edge-triggered cell FDRE)
  Destination:            read[0]
                            (output port)
  Path Group:             (none)
  Path Type:              Max at Slow Process Corner
  Data Path Delay:        6.122ns  (logic 3.961ns (64.698%)  route 2.161ns (35.302%))
  Logic Levels:           2  (FDRE=1 OBUF=1)

    Location             Delay type                Incr(ns)  Path(ns)    Netlist Resource(s)
  -------------------------------------------------------------------    -------------------
    SLICE_X0Y18          FDRE                         0.000     0.000 r  count_reg[0]/C
    SLICE_X0Y18          FDRE (Prop_fdre_C_Q)         0.456     0.456 r  count_reg[0]/Q
                         net (fo=5, routed)           2.161     2.617    read_OBUF[0]
    U16                  OBUF (Prop_obuf_I_O)         3.505     6.122 r  read_OBUF[0]_inst/O
                         net (fo=0)                   0.000     6.122    read[0]
    U16                                                               r  read[0] (OUT)
  -------------------------------------------------------------------    -------------------

Slack:                    inf
  Source:                 count_reg[3]/C
                            (rising edge-triggered cell FDRE)
  Destination:            read[3]
                            (output port)
  Path Group:             (none)
  Path Type:              Max at Slow Process Corner
  Data Path Delay:        5.786ns  (logic 4.100ns (70.866%)  route 1.686ns (29.134%))
  Logic Levels:           2  (FDRE=1 OBUF=1)

    Location             Delay type                Incr(ns)  Path(ns)    Netlist Resource(s)
  -------------------------------------------------------------------    -------------------
    SLICE_X0Y18          FDRE                         0.000     0.000 r  count_reg[3]/C
    SLICE_X0Y18          FDRE (Prop_fdre_C_Q)         0.419     0.419 r  count_reg[3]/Q
                         net (fo=2, routed)           1.686     2.105    read_OBUF[3]
    V19                  OBUF (Prop_obuf_I_O)         3.681     5.786 r  read_OBUF[3]_inst/O
                         net (fo=0)                   0.000     5.786    read[3]
    V19                                                               r  read[3] (OUT)
  -------------------------------------------------------------------    -------------------

Slack:                    inf
  Source:                 count_reg[2]/C
                            (rising edge-triggered cell FDRE)
  Destination:            read[2]
                            (output port)
  Path Group:             (none)
  Path Type:              Max at Slow Process Corner
  Data Path Delay:        5.642ns  (logic 3.957ns (70.140%)  route 1.685ns (29.860%))
  Logic Levels:           2  (FDRE=1 OBUF=1)

    Location             Delay type                Incr(ns)  Path(ns)    Netlist Resource(s)
  -------------------------------------------------------------------    -------------------
    SLICE_X0Y18          FDRE                         0.000     0.000 r  count_reg[2]/C
    SLICE_X0Y18          FDRE (Prop_fdre_C_Q)         0.456     0.456 r  count_reg[2]/Q
                         net (fo=3, routed)           1.685     2.141    read_OBUF[2]
    U19                  OBUF (Prop_obuf_I_O)         3.501     5.642 r  read_OBUF[2]_inst/O
                         net (fo=0)                   0.000     5.642    read[2]
    U19                                                               r  read[2] (OUT)
  -------------------------------------------------------------------    -------------------

Slack:                    inf
  Source:                 RST_N
                            (input port)
  Destination:            divider_reg[20]/R
  Path Group:             (none)
  Path Type:              Max at Slow Process Corner
  Data Path Delay:        3.736ns  (logic 1.585ns (42.435%)  route 2.151ns (57.565%))
  Logic Levels:           2  (IBUF=1 LUT5=1)

    Location             Delay type                Incr(ns)  Path(ns)    Netlist Resource(s)
  -------------------------------------------------------------------    -------------------
    V16                                               0.000     0.000 f  RST_N (IN)
                         net (fo=0)                   0.000     0.000    RST_N
    V16                  IBUF (Prop_ibuf_I_O)         1.461     1.461 f  RST_N_IBUF_inst/O
                         net (fo=2, routed)           1.068     2.530    RST_N_IBUF
    SLICE_X2Y18          LUT5 (Prop_lut5_I4_O)        0.124     2.654 r  divider[0]_i_1/O
                         net (fo=24, routed)          1.082     3.736    divider[0]_i_1_n_0
    SLICE_X3Y21          FDRE                                         r  divider_reg[20]/R
  -------------------------------------------------------------------    -------------------

Slack:                    inf
  Source:                 RST_N
                            (input port)
  Destination:            divider_reg[21]/R
  Path Group:             (none)
  Path Type:              Max at Slow Process Corner
  Data Path Delay:        3.736ns  (logic 1.585ns (42.435%)  route 2.151ns (57.565%))
  Logic Levels:           2  (IBUF=1 LUT5=1)

    Location             Delay type                Incr(ns)  Path(ns)    Netlist Resource(s)
  -------------------------------------------------------------------    -------------------
    V16                                               0.000     0.000 f  RST_N (IN)
                         net (fo=0)                   0.000     0.000    RST_N
    V16                  IBUF (Prop_ibuf_I_O)         1.461     1.461 f  RST_N_IBUF_inst/O
                         net (fo=2, routed)           1.068     2.530    RST_N_IBUF
    SLICE_X2Y18          LUT5 (Prop_lut5_I4_O)        0.124     2.654 r  divider[0]_i_1/O
                         net (fo=24, routed)          1.082     3.736    divider[0]_i_1_n_0
    SLICE_X3Y21          FDRE                                         r  divider_reg[21]/R
  -------------------------------------------------------------------    -------------------

Slack:                    inf
  Source:                 RST_N
                            (input port)
  Destination:            divider_reg[22]/R
  Path Group:             (none)
  Path Type:              Max at Slow Process Corner
  Data Path Delay:        3.736ns  (logic 1.585ns (42.435%)  route 2.151ns (57.565%))
  Logic Levels:           2  (IBUF=1 LUT5=1)

    Location             Delay type                Incr(ns)  Path(ns)    Netlist Resource(s)
  -------------------------------------------------------------------    -------------------
    V16                                               0.000     0.000 f  RST_N (IN)
                         net (fo=0)                   0.000     0.000    RST_N
    V16                  IBUF (Prop_ibuf_I_O)         1.461     1.461 f  RST_N_IBUF_inst/O
                         net (fo=2, routed)           1.068     2.530    RST_N_IBUF
    SLICE_X2Y18          LUT5 (Prop_lut5_I4_O)        0.124     2.654 r  divider[0]_i_1/O
                         net (fo=24, routed)          1.082     3.736    divider[0]_i_1_n_0
    SLICE_X3Y21          FDRE                                         r  divider_reg[22]/R
  -------------------------------------------------------------------    -------------------

Slack:                    inf
  Source:                 RST_N
                            (input port)
  Destination:            divider_reg[23]/R
  Path Group:             (none)
  Path Type:              Max at Slow Process Corner
  Data Path Delay:        3.736ns  (logic 1.585ns (42.435%)  route 2.151ns (57.565%))
  Logic Levels:           2  (IBUF=1 LUT5=1)

    Location             Delay type                Incr(ns)  Path(ns)    Netlist Resource(s)
  -------------------------------------------------------------------    -------------------
    V16                                               0.000     0.000 f  RST_N (IN)
                         net (fo=0)                   0.000     0.000    RST_N
    V16                  IBUF (Prop_ibuf_I_O)         1.461     1.461 f  RST_N_IBUF_inst/O
                         net (fo=2, routed)           1.068     2.530    RST_N_IBUF
    SLICE_X2Y18          LUT5 (Prop_lut5_I4_O)        0.124     2.654 r  divider[0]_i_1/O
                         net (fo=24, routed)          1.082     3.736    divider[0]_i_1_n_0
    SLICE_X3Y21          FDRE                                         r  divider_reg[23]/R
  -------------------------------------------------------------------    -------------------

Slack:                    inf
  Source:                 RST_N
                            (input port)
  Destination:            count_reg[0]/R
  Path Group:             (none)
  Path Type:              Max at Slow Process Corner
  Data Path Delay:        3.610ns  (logic 1.585ns (43.921%)  route 2.024ns (56.079%))
  Logic Levels:           2  (IBUF=1 LUT1=1)

    Location             Delay type                Incr(ns)  Path(ns)    Netlist Resource(s)
  -------------------------------------------------------------------    -------------------
    V16                                               0.000     0.000 f  RST_N (IN)
                         net (fo=0)                   0.000     0.000    RST_N
    V16                  IBUF (Prop_ibuf_I_O)         1.461     1.461 f  RST_N_IBUF_inst/O
                         net (fo=2, routed)           1.443     2.904    RST_N_IBUF
    SLICE_X0Y18          LUT1 (Prop_lut1_I0_O)        0.124     3.028 r  count[3]_i_1/O
                         net (fo=4, routed)           0.581     3.610    count[3]_i_1_n_0
    SLICE_X0Y18          FDRE                                         r  count_reg[0]/R
  -------------------------------------------------------------------    -------------------

Slack:                    inf
  Source:                 RST_N
                            (input port)
  Destination:            count_reg[1]/R
  Path Group:             (none)
  Path Type:              Max at Slow Process Corner
  Data Path Delay:        3.610ns  (logic 1.585ns (43.921%)  route 2.024ns (56.079%))
  Logic Levels:           2  (IBUF=1 LUT1=1)

    Location             Delay type                Incr(ns)  Path(ns)    Netlist Resource(s)
  -------------------------------------------------------------------    -------------------
    V16                                               0.000     0.000 f  RST_N (IN)
                         net (fo=0)                   0.000     0.000    RST_N
    V16                  IBUF (Prop_ibuf_I_O)         1.461     1.461 f  RST_N_IBUF_inst/O
                         net (fo=2, routed)           1.443     2.904    RST_N_IBUF
    SLICE_X0Y18          LUT1 (Prop_lut1_I0_O)        0.124     3.028 r  count[3]_i_1/O
                         net (fo=4, routed)           0.581     3.610    count[3]_i_1_n_0
    SLICE_X0Y18          FDRE                                         r  count_reg[1]/R
  -------------------------------------------------------------------    -------------------





Min Delay Paths
--------------------------------------------------------------------------------------
Slack:                    inf
  Source:                 divider_reg[11]/C
                            (rising edge-triggered cell FDRE)
  Destination:            divider_reg[11]/D
  Path Group:             (none)
  Path Type:              Min at Fast Process Corner
  Data Path Delay:        0.366ns  (logic 0.249ns (67.994%)  route 0.117ns (32.006%))
  Logic Levels:           2  (CARRY4=1 FDRE=1)

    Location             Delay type                Incr(ns)  Path(ns)    Netlist Resource(s)
  -------------------------------------------------------------------    -------------------
    SLICE_X3Y18          FDRE                         0.000     0.000 r  divider_reg[11]/C
    SLICE_X3Y18          FDRE (Prop_fdre_C_Q)         0.141     0.141 r  divider_reg[11]/Q
                         net (fo=2, routed)           0.117     0.258    divider_reg[11]
    SLICE_X3Y18          CARRY4 (Prop_carry4_S[3]_O[3])
                                                      0.108     0.366 r  divider_reg[8]_i_1/O[3]
                         net (fo=1, routed)           0.000     0.366    divider_reg[8]_i_1_n_4
    SLICE_X3Y18          FDRE                                         r  divider_reg[11]/D
  -------------------------------------------------------------------    -------------------

Slack:                    inf
  Source:                 divider_reg[15]/C
                            (rising edge-triggered cell FDRE)
  Destination:            divider_reg[15]/D
  Path Group:             (none)
  Path Type:              Min at Fast Process Corner
  Data Path Delay:        0.366ns  (logic 0.249ns (67.994%)  route 0.117ns (32.006%))
  Logic Levels:           2  (CARRY4=1 FDRE=1)

    Location             Delay type                Incr(ns)  Path(ns)    Netlist Resource(s)
  -------------------------------------------------------------------    -------------------
    SLICE_X3Y19          FDRE                         0.000     0.000 r  divider_reg[15]/C
    SLICE_X3Y19          FDRE (Prop_fdre_C_Q)         0.141     0.141 r  divider_reg[15]/Q
                         net (fo=2, routed)           0.117     0.258    divider_reg[15]
    SLICE_X3Y19          CARRY4 (Prop_carry4_S[3]_O[3])
                                                      0.108     0.366 r  divider_reg[12]_i_1/O[3]
                         net (fo=1, routed)           0.000     0.366    divider_reg[12]_i_1_n_4
    SLICE_X3Y19          FDRE                                         r  divider_reg[15]/D
  -------------------------------------------------------------------    -------------------

Slack:                    inf
  Source:                 divider_reg[23]/C
                            (rising edge-triggered cell FDRE)
  Destination:            divider_reg[23]/D
  Path Group:             (none)
  Path Type:              Min at Fast Process Corner
  Data Path Delay:        0.366ns  (logic 0.249ns (67.994%)  route 0.117ns (32.006%))
  Logic Levels:           2  (CARRY4=1 FDRE=1)

    Location             Delay type                Incr(ns)  Path(ns)    Netlist Resource(s)
  -------------------------------------------------------------------    -------------------
    SLICE_X3Y21          FDRE                         0.000     0.000 r  divider_reg[23]/C
    SLICE_X3Y21          FDRE (Prop_fdre_C_Q)         0.141     0.141 r  divider_reg[23]/Q
                         net (fo=2, routed)           0.117     0.258    divider_reg[23]
    SLICE_X3Y21          CARRY4 (Prop_carry4_S[3]_O[3])
                                                      0.108     0.366 r  divider_reg[20]_i_1/O[3]
                         net (fo=1, routed)           0.000     0.366    divider_reg[20]_i_1_n_4
    SLICE_X3Y21          FDRE                                         r  divider_reg[23]/D
  -------------------------------------------------------------------    -------------------

Slack:                    inf
  Source:                 divider_reg[3]/C
                            (rising edge-triggered cell FDRE)
  Destination:            divider_reg[3]/D
  Path Group:             (none)
  Path Type:              Min at Fast Process Corner
  Data Path Delay:        0.366ns  (logic 0.249ns (67.994%)  route 0.117ns (32.006%))
  Logic Levels:           2  (CARRY4=1 FDRE=1)

    Location             Delay type                Incr(ns)  Path(ns)    Netlist Resource(s)
  -------------------------------------------------------------------    -------------------
    SLICE_X3Y16          FDRE                         0.000     0.000 r  divider_reg[3]/C
    SLICE_X3Y16          FDRE (Prop_fdre_C_Q)         0.141     0.141 r  divider_reg[3]/Q
                         net (fo=2, routed)           0.117     0.258    divider_reg[3]
    SLICE_X3Y16          CARRY4 (Prop_carry4_S[3]_O[3])
                                                      0.108     0.366 r  divider_reg[0]_i_2/O[3]
                         net (fo=1, routed)           0.000     0.366    divider_reg[0]_i_2_n_4
    SLICE_X3Y16          FDRE                                         r  divider_reg[3]/D
  -------------------------------------------------------------------    -------------------

Slack:                    inf
  Source:                 divider_reg[19]/C
                            (rising edge-triggered cell FDRE)
  Destination:            divider_reg[19]/D
  Path Group:             (none)
  Path Type:              Min at Fast Process Corner
  Data Path Delay:        0.369ns  (logic 0.249ns (67.424%)  route 0.120ns (32.576%))
  Logic Levels:           2  (CARRY4=1 FDRE=1)

    Location             Delay type                Incr(ns)  Path(ns)    Netlist Resource(s)
  -------------------------------------------------------------------    -------------------
    SLICE_X3Y20          FDRE                         0.000     0.000 r  divider_reg[19]/C
    SLICE_X3Y20          FDRE (Prop_fdre_C_Q)         0.141     0.141 r  divider_reg[19]/Q
                         net (fo=2, routed)           0.120     0.261    divider_reg[19]
    SLICE_X3Y20          CARRY4 (Prop_carry4_S[3]_O[3])
                                                      0.108     0.369 r  divider_reg[16]_i_1/O[3]
                         net (fo=1, routed)           0.000     0.369    divider_reg[16]_i_1_n_4
    SLICE_X3Y20          FDRE                                         r  divider_reg[19]/D
  -------------------------------------------------------------------    -------------------

Slack:                    inf
  Source:                 divider_reg[7]/C
                            (rising edge-triggered cell FDRE)
  Destination:            divider_reg[7]/D
  Path Group:             (none)
  Path Type:              Min at Fast Process Corner
  Data Path Delay:        0.369ns  (logic 0.249ns (67.424%)  route 0.120ns (32.576%))
  Logic Levels:           2  (CARRY4=1 FDRE=1)

    Location             Delay type                Incr(ns)  Path(ns)    Netlist Resource(s)
  -------------------------------------------------------------------    -------------------
    SLICE_X3Y17          FDRE                         0.000     0.000 r  divider_reg[7]/C
    SLICE_X3Y17          FDRE (Prop_fdre_C_Q)         0.141     0.141 r  divider_reg[7]/Q
                         net (fo=2, routed)           0.120     0.261    divider_reg[7]
    SLICE_X3Y17          CARRY4 (Prop_carry4_S[3]_O[3])
                                                      0.108     0.369 r  divider_reg[4]_i_1/O[3]
                         net (fo=1, routed)           0.000     0.369    divider_reg[4]_i_1_n_4
    SLICE_X3Y17          FDRE                                         r  divider_reg[7]/D
  -------------------------------------------------------------------    -------------------

Slack:                    inf
  Source:                 count_reg[0]/C
                            (rising edge-triggered cell FDRE)
  Destination:            count_reg[3]/D
  Path Group:             (none)
  Path Type:              Min at Fast Process Corner
  Data Path Delay:        0.371ns  (logic 0.184ns (49.576%)  route 0.187ns (50.424%))
  Logic Levels:           2  (FDRE=1 LUT4=1)

    Location             Delay type                Incr(ns)  Path(ns)    Netlist Resource(s)
  -------------------------------------------------------------------    -------------------
    SLICE_X0Y18          FDRE                         0.000     0.000 r  count_reg[0]/C
    SLICE_X0Y18          FDRE (Prop_fdre_C_Q)         0.141     0.141 r  count_reg[0]/Q
                         net (fo=5, routed)           0.187     0.328    read_OBUF[0]
    SLICE_X0Y18          LUT4 (Prop_lut4_I1_O)        0.043     0.371 r  count[3]_i_3/O
                         net (fo=1, routed)           0.000     0.371    count$D_IN[3]
    SLICE_X0Y18          FDRE                                         r  count_reg[3]/D
  -------------------------------------------------------------------    -------------------

Slack:                    inf
  Source:                 divider_reg[12]/C
                            (rising edge-triggered cell FDRE)
  Destination:            divider_reg[12]/D
  Path Group:             (none)
  Path Type:              Min at Fast Process Corner
  Data Path Delay:        0.372ns  (logic 0.256ns (68.766%)  route 0.116ns (31.234%))
  Logic Levels:           2  (CARRY4=1 FDRE=1)

    Location             Delay type                Incr(ns)  Path(ns)    Netlist Resource(s)
  -------------------------------------------------------------------    -------------------
    SLICE_X3Y19          FDRE                         0.000     0.000 r  divider_reg[12]/C
    SLICE_X3Y19          FDRE (Prop_fdre_C_Q)         0.141     0.141 r  divider_reg[12]/Q
                         net (fo=2, routed)           0.116     0.257    divider_reg[12]
    SLICE_X3Y19          CARRY4 (Prop_carry4_S[0]_O[0])
                                                      0.115     0.372 r  divider_reg[12]_i_1/O[0]
                         net (fo=1, routed)           0.000     0.372    divider_reg[12]_i_1_n_7
    SLICE_X3Y19          FDRE                                         r  divider_reg[12]/D
  -------------------------------------------------------------------    -------------------

Slack:                    inf
  Source:                 divider_reg[20]/C
                            (rising edge-triggered cell FDRE)
  Destination:            divider_reg[20]/D
  Path Group:             (none)
  Path Type:              Min at Fast Process Corner
  Data Path Delay:        0.372ns  (logic 0.256ns (68.766%)  route 0.116ns (31.234%))
  Logic Levels:           2  (CARRY4=1 FDRE=1)

    Location             Delay type                Incr(ns)  Path(ns)    Netlist Resource(s)
  -------------------------------------------------------------------    -------------------
    SLICE_X3Y21          FDRE                         0.000     0.000 r  divider_reg[20]/C
    SLICE_X3Y21          FDRE (Prop_fdre_C_Q)         0.141     0.141 r  divider_reg[20]/Q
                         net (fo=2, routed)           0.116     0.257    divider_reg[20]
    SLICE_X3Y21          CARRY4 (Prop_carry4_S[0]_O[0])
                                                      0.115     0.372 r  divider_reg[20]_i_1/O[0]
                         net (fo=1, routed)           0.000     0.372    divider_reg[20]_i_1_n_7
    SLICE_X3Y21          FDRE                                         r  divider_reg[20]/D
  -------------------------------------------------------------------    -------------------

Slack:                    inf
  Source:                 divider_reg[8]/C
                            (rising edge-triggered cell FDRE)
  Destination:            divider_reg[8]/D
  Path Group:             (none)
  Path Type:              Min at Fast Process Corner
  Data Path Delay:        0.372ns  (logic 0.256ns (68.766%)  route 0.116ns (31.234%))
  Logic Levels:           2  (CARRY4=1 FDRE=1)

    Location             Delay type                Incr(ns)  Path(ns)    Netlist Resource(s)
  -------------------------------------------------------------------    -------------------
    SLICE_X3Y18          FDRE                         0.000     0.000 r  divider_reg[8]/C
    SLICE_X3Y18          FDRE (Prop_fdre_C_Q)         0.141     0.141 r  divider_reg[8]/Q
                         net (fo=2, routed)           0.116     0.257    divider_reg[8]
    SLICE_X3Y18          CARRY4 (Prop_carry4_S[0]_O[0])
                                                      0.115     0.372 r  divider_reg[8]_i_1/O[0]
                         net (fo=1, routed)           0.000     0.372    divider_reg[8]_i_1_n_7
    SLICE_X3Y18          FDRE                                         r  divider_reg[8]/D
  -------------------------------------------------------------------    -------------------





