#-----------------------------------------------------------
# Vivado v2024.2 (64-bit)
# SW Build 5239630 on Fri Nov 08 22:35:27 MST 2024
# IP Build 5239520 on Sun Nov 10 16:12:51 MST 2024
# SharedData Build 5239561 on Fri Nov 08 14:39:27 MST 2024
# Start of session at: Wed Apr  8 17:53:16 2026
# Process ID         : 3144
# Current directory  : C:/Users/SRINJAY/BSV_RCA/BSV_RCA.runs/impl_1
# Command line       : vivado.exe -log mkRCA4.vdi -applog -product Vivado -messageDb vivado.pb -mode batch -source mkRCA4.tcl -notrace
# Log file           : C:/Users/SRINJAY/BSV_RCA/BSV_RCA.runs/impl_1/mkRCA4.vdi
# Journal file       : C:/Users/SRINJAY/BSV_RCA/BSV_RCA.runs/impl_1\vivado.jou
# Running On         : LAPTOP-SRINJAY
# Platform           : Windows Server 2016 or Windows 10
# Operating System   : 26200
# Processor Detail   : 12th Gen Intel(R) Core(TM) i5-12450H
# CPU Frequency      : 2496 MHz
# CPU Physical cores : 8
# CPU Logical cores  : 12
# Host memory        : 16802 MB
# Swap memory        : 8321 MB
# Total Virtual      : 25124 MB
# Available Virtual  : 6622 MB
#-----------------------------------------------------------
source mkRCA4.tcl -notrace
