#-----------------------------------------------------------
# Vivado v2024.2 (64-bit)
# SW Build 5239630 on Fri Nov 08 22:35:27 MST 2024
# IP Build 5239520 on Sun Nov 10 16:12:51 MST 2024
# SharedData Build 5239561 on Fri Nov 08 14:39:27 MST 2024
# Start of session at: Fri Jun 13 14:06:23 2025
# Process ID         : 19596
# Current directory  : C:/Users/SRINJAY/Full_adder/Full_adder.runs/impl_1
# Command line       : vivado.exe -log full_adder_top.vdi -applog -product Vivado -messageDb vivado.pb -mode batch -source full_adder_top.tcl -notrace
# Log file           : C:/Users/SRINJAY/Full_adder/Full_adder.runs/impl_1/full_adder_top.vdi
# Journal file       : C:/Users/SRINJAY/Full_adder/Full_adder.runs/impl_1\vivado.jou
# Running On         : LAPTOP-SRINJAY
# Platform           : Windows Server 2016 or Windows 10
# Operating System   : 26100
# Processor Detail   : 12th Gen Intel(R) Core(TM) i5-12450H
# CPU Frequency      : 2496 MHz
# CPU Physical cores : 8
# CPU Logical cores  : 12
# Host memory        : 16802 MB
# Swap memory        : 2155 MB
# Total Virtual      : 18958 MB
# Available Virtual  : 2486 MB
#-----------------------------------------------------------
source full_adder_top.tcl -notrace
