#-----------------------------------------------------------
# Vivado v2024.2 (64-bit)
# SW Build 5239630 on Fri Nov 08 22:35:27 MST 2024
# IP Build 5239520 on Sun Nov 10 16:12:51 MST 2024
# SharedData Build 5239561 on Fri Nov 08 14:39:27 MST 2024
# Start of session at: Wed Apr  8 18:24:56 2026
# Process ID         : 3880
# Current directory  : C:/Users/SRINJAY/BSV_Fibonacci/BSV_Fibonacci.runs/synth_1
# Command line       : vivado.exe -log mkFibonacci.vds -product Vivado -mode batch -messageDb vivado.pb -notrace -source mkFibonacci.tcl
# Log file           : C:/Users/SRINJAY/BSV_Fibonacci/BSV_Fibonacci.runs/synth_1/mkFibonacci.vds
# Journal file       : C:/Users/SRINJAY/BSV_Fibonacci/BSV_Fibonacci.runs/synth_1\vivado.jou
# Running On         : LAPTOP-SRINJAY
# Platform           : Windows Server 2016 or Windows 10
# Operating System   : 26200
# Processor Detail   : 12th Gen Intel(R) Core(TM) i5-12450H
# CPU Frequency      : 2496 MHz
# CPU Physical cores : 8
# CPU Logical cores  : 12
# Host memory        : 16802 MB
# Swap memory        : 8321 MB
# Total Virtual      : 25124 MB
# Available Virtual  : 7110 MB
#-----------------------------------------------------------
source mkFibonacci.tcl -notrace
